src/components/Header.tsx(11,11): error TS6133: 'isAnvil' is declared but its value is never read.
